// Jest Snapshot v1, https://goo.gl/fbAQLP

exports[`should render Comment Panel 1`] = `
<div
  className="mb-3"
>
  <div
    className="d-flex container"
  >
    <img
      alt="..."
      className=" mt-2 small-round-pic me-2  round-img "
      data-testid="userCommentPic"
      src="no pic"
    />
    <div
      className="d-flex flex-column w-100 mt-2"
    >
      <div
        className=" align-self-start text-comment"
        data-testid="cmnt"
      >
        no msg
      </div>
      <div
        className="mb-3 replyTo"
        onClick={[Function]}
      >
        Reply
      </div>
    </div>
  </div>
</div>
`;
